
Clover Installer r5119 (0f5da727e) (installer library v1.1.5), 2020-06-23 03:55:15
macOS Version 10.13.6 (Build 17G65)
SELF = /Applications/Clover.app/Contents/MacOS/CloverDaemonNew
Backup made at:
/Users/dickymuliafiqri/Desktop/CloverBackUp/Patriot Blaze Media/r5117_2020-06-23_03-54-58/EFI.
bootSectorsInstallSrc = /Applications/Clover.app/Contents/SharedSupport/bootsectors-install
Target volume: /Volumes/EFI
BSD Name:      disk0s1
Filesystem:    FAT32
Is internal:   true
Is writable:   true
boot0: boot0af
boot1: boot1f32
Installation type: BIOS
boot2: boot6

/dev/disk0 (internal, physical):
   #:                       TYPE NAME                    SIZE       IDENTIFIER
   0:      GUID_partition_scheme                        *120.0 GB   disk0
   1:                        EFI EFI                     209.7 MB   disk0s1
   2:                  Apple_HFS OS X 10.13.6            59.3 GB    disk0s2
   3:                 Apple_Boot Recovery HD             650.0 MB   disk0s3
   4:       Microsoft Basic Data Windows 10              59.1 GB    disk0s4
   5:           Windows Recovery                         611.3 MB   disk0s5
   6:         Microsoft Reserved                         16.8 MB    disk0s6

/dev/disk1 (internal, physical):
   #:                       TYPE NAME                    SIZE       IDENTIFIER
   0:     FDisk_partition_scheme                        *640.1 GB   disk1
   1:               Windows_NTFS Keramat                 640.1 GB   disk1s1




Installing/Updating Clover:
+ ../BOOT/BOOTX64.efi
+ ../CLOVER/CLOVERX64.efi

Installing/Updating drivers:
+ ../BIOS/FSInject.efi
+ ../BIOS/SMCHelper.efi
+ ../BIOS/XhciDxe.efi

Installing/Updating tools:
+ ../tools/bdmesg.efi
+ ../tools/Shell32.efi
+ ../tools/Shell64.efi
+ ../tools/Shell64U.efi

Installing/Updating docs:
+ ../doc/bcfg.txt
+ ../doc/boot1f32-install.sh
+ ../doc/HowToFixDsdt.txt
+ ../doc/HowToInstallOSX.txt
+ ../doc/UEFI boot with Clover.rtf

Installing stage 2..
+ ../EFI/boot
Installing boot sectors (version of Wed 13 May 2020, 15:49)

disk:       disk0s1
bootdev:    /dev/disk0s1
bootrdev:   /dev/rdisk0s1
bootdisk:   /dev/disk0
bootrdisk:  /dev/rdisk0
bootslice:  1
filesystem: fat32
partition_scheme: GUID_partition_scheme


Installing boot sectors (version of Wed 13 May 2020, 15:49)

disk:       disk0s1
bootdev:    /dev/disk0s1
bootrdev:   /dev/rdisk0s1
bootdisk:   /dev/disk0
bootrdisk:  /dev/rdisk0
bootslice:  1
filesystem: fat32
partition_scheme: GUID_partition_scheme




Stage 0 - Writing /tmp/boot0af to /dev/rdisk0
Executing: dd if=/dev/rdisk0 count=1 bs=512 of=/tmp/CloverOrigMBR

Stage 0 - Writing /tmp/boot0af to /dev/rdisk0
Executing: dd if=/dev/rdisk0 count=1 bs=512 of=/tmp/CloverOrigMBR
1+0 records in
1+0 records out
512 bytes transferred in 0.000240 secs (2132556 bytes/sec)
1+0 records in
1+0 records out
512 bytes transferred in 0.000240 secs (2132556 bytes/sec)
Executing: cp /tmp/CloverOrigMBR /tmp/CloverNewMBR
Executing: cp /tmp/CloverOrigMBR /tmp/CloverNewMBR
Executing: dd if=/tmp/boot0af of=/tmp/CloverNewMBR bs=440 count=1 conv=notrunc
Executing: dd if=/tmp/boot0af of=/tmp/CloverNewMBR bs=440 count=1 conv=notrunc
1+0 records in
1+0 records out
440 bytes transferred in 0.000254 secs (1731232 bytes/sec)
1+0 records in
1+0 records out
440 bytes transferred in 0.000254 secs (1731232 bytes/sec)
Executing: fdisk -f /tmp/CloverNewMBR -u -y /dev/rdisk0
Executing: fdisk -f /tmp/CloverNewMBR -u -y /dev/rdisk0

Stage 1 - Writing /tmp/boot1f32 to /dev/rdisk0s1
Executing: boot1-install -y -f /tmp/boot1f32 /dev/rdisk0s1

Stage 1 - Writing /tmp/boot1f32 to /dev/rdisk0s1
Executing: boot1-install -y -f /tmp/boot1f32 /dev/rdisk0s1
